1647 articulos x 83 hipotesis
WARNING: All log messages before absl::InitializeLog() is called are written to STDERR
I0000 00:00:1790128539.023875    3356 port.cc:153] oneDNN custom operations are on. You may see slightly different numerical results due to floating-point round-off errors from different computation orders. To turn them off, set the environment variable `TF_ENABLE_ONEDNN_OPTS=0`.
WARNING: All log messages before absl::InitializeLog() is called are written to STDERR
I0000 00:00:1790128544.545341    3356 port.cc:153] oneDNN custom operations are on. You may see slightly different numerical results due to floating-point round-off errors from different computation orders. To turn them off, set the environment variable `TF_ENABLE_ONEDNN_OPTS=0`.
[1/83] exclusion_beneficios_economicos__vig  1.0 min, faltan ~86 min
[2/83] exclusion_beneficios_economicos__gpt  2.1 min, faltan ~85 min
[3/83] exclusion_beneficios_economicos__nue  3.1 min, faltan ~84 min
[4/83] exclusion_beneficios_economicos__p1  4.2 min, faltan ~82 min
[5/83] exclusion_beneficios_economicos__p2  5.3 min, faltan ~82 min
[6/83] exclusion_beneficios_economicos__A1  6.3 min, faltan ~81 min
[7/83] exclusion_beneficios_economicos__A2  7.3 min, faltan ~80 min
[8/83] exclusion_beneficios_economicos__c1  8.4 min, faltan ~79 min
[9/83] exclusion_beneficios_economicos__c2  9.4 min, faltan ~77 min
[10/83] exclusion_beneficios_economicos__c3  10.5 min, faltan ~76 min
[11/83] exclusion_beneficios_economicos__vig_abs  11.5 min, faltan ~75 min
[12/83] exclusion_beneficios_economicos__gpt_abs  12.6 min, faltan ~74 min
[13/83] exclusion_beneficios_economicos__nue_abs  13.6 min, faltan ~73 min
[14/83] exclusion_beneficios_economicos__p1_abs  14.6 min, faltan ~72 min
[15/83] exclusion_beneficios_economicos__p2_abs  15.7 min, faltan ~71 min
[16/83] exclusion_beneficios_economicos__A1_abs  16.7 min, faltan ~70 min
[17/83] rechazo_proyecto__vig  17.8 min, faltan ~69 min
[18/83] rechazo_proyecto__gpt  18.8 min, faltan ~68 min
[19/83] rechazo_proyecto__nue  19.9 min, faltan ~67 min
[20/83] rechazo_proyecto__p1  20.9 min, faltan ~66 min
[21/83] rechazo_proyecto__p2  21.9 min, faltan ~65 min
[22/83] rechazo_proyecto__A1  23.0 min, faltan ~64 min
[23/83] rechazo_proyecto__A2  24.0 min, faltan ~63 min
[24/83] rechazo_proyecto__c1  25.1 min, faltan ~62 min
[25/83] rechazo_proyecto__c2  26.1 min, faltan ~61 min
[26/83] rechazo_proyecto__c3  27.2 min, faltan ~60 min
[27/83] rechazo_proyecto__vig_abs  28.2 min, faltan ~59 min
[28/83] rechazo_proyecto__gpt_abs  29.3 min, faltan ~57 min
[29/83] rechazo_proyecto__nue_abs  30.3 min, faltan ~56 min
[30/83] rechazo_proyecto__p1_abs  31.3 min, faltan ~55 min
[31/83] rechazo_proyecto__p2_abs  32.4 min, faltan ~54 min
[32/83] rechazo_proyecto__A2_abs  33.4 min, faltan ~53 min
[33/83] desplazamiento_forzado__vig  34.5 min, faltan ~52 min
[34/83] desplazamiento_forzado__gpt  35.5 min, faltan ~51 min
[35/83] desplazamiento_forzado__nue  36.6 min, faltan ~50 min
[36/83] desplazamiento_forzado__p1  37.6 min, faltan ~49 min
[37/83] desplazamiento_forzado__p2  38.7 min, faltan ~48 min
[38/83] desplazamiento_forzado__A1  39.7 min, faltan ~47 min
[39/83] desplazamiento_forzado__A2  40.7 min, faltan ~46 min
[40/83] desplazamiento_forzado__c1  41.8 min, faltan ~45 min
[41/83] desplazamiento_forzado__c2  42.8 min, faltan ~44 min
[42/83] desplazamiento_forzado__c3  43.9 min, faltan ~43 min
[43/83] desplazamiento_forzado__vig_abs  44.9 min, faltan ~42 min
[44/83] desplazamiento_forzado__gpt_abs  46.0 min, faltan ~41 min
[45/83] desplazamiento_forzado__nue_abs  47.0 min, faltan ~40 min
[46/83] desplazamiento_forzado__p1_abs  48.0 min, faltan ~39 min
[47/83] desplazamiento_forzado__p2_abs  49.1 min, faltan ~38 min
[48/83] desplazamiento_forzado__A2_abs  50.2 min, faltan ~37 min
[49/83] conflicto_territorial__vig  51.2 min, faltan ~36 min
[50/83] conflicto_territorial__gpt  52.3 min, faltan ~34 min
[51/83] conflicto_territorial__nue  53.3 min, faltan ~33 min
[52/83] conflicto_territorial__p1  54.4 min, faltan ~32 min
[53/83] conflicto_territorial__p2  55.5 min, faltan ~31 min
[54/83] conflicto_territorial__A1  56.5 min, faltan ~30 min
[55/83] conflicto_territorial__A2  57.6 min, faltan ~29 min
[56/83] conflicto_territorial__c1  58.6 min, faltan ~28 min
[57/83] conflicto_territorial__c2  59.6 min, faltan ~27 min
[58/83] conflicto_territorial__c3  60.7 min, faltan ~26 min
[59/83] conflicto_territorial__vig_abs  61.7 min, faltan ~25 min
[60/83] conflicto_territorial__gpt_abs  62.8 min, faltan ~24 min
[61/83] conflicto_territorial__nue_abs  63.8 min, faltan ~23 min
[62/83] conflicto_territorial__p1_abs  64.9 min, faltan ~22 min
[63/83] conflicto_territorial__p2_abs  65.9 min, faltan ~21 min
[64/83] conflicto_territorial__A2_abs  66.9 min, faltan ~20 min
[65/83] presencia_grupos_armados__vig  68.0 min, faltan ~19 min
[66/83] presencia_grupos_armados__gpt  69.1 min, faltan ~18 min
[67/83] presencia_grupos_armados__nue  70.1 min, faltan ~17 min
[68/83] presencia_grupos_armados__p1  71.2 min, faltan ~16 min
[69/83] presencia_grupos_armados__p2  72.2 min, faltan ~15 min
[70/83] presencia_grupos_armados__A2  73.3 min, faltan ~14 min
[71/83] presencia_grupos_armados__c1  74.3 min, faltan ~13 min
[72/83] presencia_grupos_armados__c2  75.4 min, faltan ~12 min
[73/83] presencia_grupos_armados__c3  76.4 min, faltan ~10 min
[74/83] presencia_grupos_armados__vig_abs  77.5 min, faltan ~9 min
[75/83] presencia_grupos_armados__gpt_abs  78.5 min, faltan ~8 min
[76/83] presencia_grupos_armados__nue_abs  79.6 min, faltan ~7 min
[77/83] presencia_grupos_armados__p1_abs  80.7 min, faltan ~6 min
[78/83] presencia_grupos_armados__p2_abs  81.7 min, faltan ~5 min
[79/83] ABSURDO_TOTAL  82.8 min, faltan ~4 min
[80/83] NULA_CAL_0  83.8 min, faltan ~3 min
[81/83] NULA_CAL_1  84.9 min, faltan ~2 min
[82/83] NULA_CAL_2  86.0 min, faltan ~1 min
[83/83] NULA_CAL_3  87.0 min, faltan ~0 min
OK -> datos/scores/scores_5ind_atomicas_lugares.pkl (1647, 251)
